running egg_info
creating ../../build/sentinel_bridge/sentinel_bridge.egg-info
writing ../../build/sentinel_bridge/sentinel_bridge.egg-info/PKG-INFO
writing dependency_links to ../../build/sentinel_bridge/sentinel_bridge.egg-info/dependency_links.txt
writing entry points to ../../build/sentinel_bridge/sentinel_bridge.egg-info/entry_points.txt
writing requirements to ../../build/sentinel_bridge/sentinel_bridge.egg-info/requires.txt
writing top-level names to ../../build/sentinel_bridge/sentinel_bridge.egg-info/top_level.txt
writing manifest file '../../build/sentinel_bridge/sentinel_bridge.egg-info/SOURCES.txt'
reading manifest file '../../build/sentinel_bridge/sentinel_bridge.egg-info/SOURCES.txt'
writing manifest file '../../build/sentinel_bridge/sentinel_bridge.egg-info/SOURCES.txt'
running build
running build_py
creating /home/karan/drone-projects/sentinel/src/ros2_ws/build/sentinel_bridge/build
creating /home/karan/drone-projects/sentinel/src/ros2_ws/build/sentinel_bridge/build/lib
creating /home/karan/drone-projects/sentinel/src/ros2_ws/build/sentinel_bridge/build/lib/sentinel_bridge
copying sentinel_bridge/__init__.py -> /home/karan/drone-projects/sentinel/src/ros2_ws/build/sentinel_bridge/build/lib/sentinel_bridge
copying sentinel_bridge/bridge_node.py -> /home/karan/drone-projects/sentinel/src/ros2_ws/build/sentinel_bridge/build/lib/sentinel_bridge
running install
running install_lib
creating /home/karan/drone-projects/sentinel/src/ros2_ws/install/sentinel_bridge/lib/python3.12/site-packages/sentinel_bridge
copying /home/karan/drone-projects/sentinel/src/ros2_ws/build/sentinel_bridge/build/lib/sentinel_bridge/__init__.py -> /home/karan/drone-projects/sentinel/src/ros2_ws/install/sentinel_bridge/lib/python3.12/site-packages/sentinel_bridge
copying /home/karan/drone-projects/sentinel/src/ros2_ws/build/sentinel_bridge/build/lib/sentinel_bridge/bridge_node.py -> /home/karan/drone-projects/sentinel/src/ros2_ws/install/sentinel_bridge/lib/python3.12/site-packages/sentinel_bridge
byte-compiling /home/karan/drone-projects/sentinel/src/ros2_ws/install/sentinel_bridge/lib/python3.12/site-packages/sentinel_bridge/__init__.py to __init__.cpython-312.pyc
byte-compiling /home/karan/drone-projects/sentinel/src/ros2_ws/install/sentinel_bridge/lib/python3.12/site-packages/sentinel_bridge/bridge_node.py to bridge_node.cpython-312.pyc
running install_data
creating /home/karan/drone-projects/sentinel/src/ros2_ws/install/sentinel_bridge/share/ament_index
creating /home/karan/drone-projects/sentinel/src/ros2_ws/install/sentinel_bridge/share/ament_index/resource_index
creating /home/karan/drone-projects/sentinel/src/ros2_ws/install/sentinel_bridge/share/ament_index/resource_index/packages
copying resource/sentinel_bridge -> /home/karan/drone-projects/sentinel/src/ros2_ws/install/sentinel_bridge/share/ament_index/resource_index/packages
copying package.xml -> /home/karan/drone-projects/sentinel/src/ros2_ws/install/sentinel_bridge/share/sentinel_bridge
creating /home/karan/drone-projects/sentinel/src/ros2_ws/install/sentinel_bridge/share/sentinel_bridge/launch
copying launch/mavros_bridge.launch.py -> /home/karan/drone-projects/sentinel/src/ros2_ws/install/sentinel_bridge/share/sentinel_bridge/launch
running install_egg_info
Copying ../../build/sentinel_bridge/sentinel_bridge.egg-info to /home/karan/drone-projects/sentinel/src/ros2_ws/install/sentinel_bridge/lib/python3.12/site-packages/sentinel_bridge-0.0.1-py3.12.egg-info
running install_scripts
Installing bridge_node script to /home/karan/drone-projects/sentinel/src/ros2_ws/install/sentinel_bridge/bin
writing list of installed files to '/home/karan/drone-projects/sentinel/src/ros2_ws/build/sentinel_bridge/install.log'
