[0.000000] (-) TimerEvent: {}
[0.000128] (sentinel_bridge) JobQueued: {'identifier': 'sentinel_bridge', 'dependencies': OrderedDict()}
[0.000309] (sentinel_bridge) JobStarted: {'identifier': 'sentinel_bridge'}
[0.099934] (-) TimerEvent: {}
[0.200091] (-) TimerEvent: {}
[0.300276] (-) TimerEvent: {}
[0.377287] (sentinel_bridge) Command: {'cmd': ['/usr/bin/python3', '-W', 'ignore:setup.py install is deprecated', '-W', 'ignore:easy_install command is deprecated', 'setup.py', 'egg_info', '--egg-base', '../../build/sentinel_bridge', 'build', '--build-base', '/home/karan/drone-projects/sentinel/src/ros2_ws/build/sentinel_bridge/build', 'install', '--record', '/home/karan/drone-projects/sentinel/src/ros2_ws/build/sentinel_bridge/install.log', '--single-version-externally-managed', 'install_data'], 'cwd': '/home/karan/drone-projects/sentinel/src/ros2_ws/src/sentinel_bridge', 'env': {'GJS_DEBUG_TOPICS': 'JS ERROR;JS LOG', 'VSCODE_CWD': '/home/karan', 'USER': 'karan', 'VSCODE_NLS_CONFIG': '{"userLocale":"en-us","osLocale":"en-us","resolvedLanguage":"en","defaultMessagesFile":"/usr/share/antigravity/resources/app/out/nls.messages.json","locale":"en-us","availableLanguages":{}}', 'XDG_SESSION_TYPE': 'wayland', 'CLUTTER_DISABLE_MIPMAPPED_TEXT': '1', 'SHLVL': '0', 'LD_LIBRARY_PATH': '/opt/ros/jazzy/opt/rviz_ogre_vendor/lib:/opt/ros/jazzy/lib/x86_64-linux-gnu:/opt/ros/jazzy/opt/gz_math_vendor/lib:/opt/ros/jazzy/opt/gz_utils_vendor/lib:/opt/ros/jazzy/opt/gz_cmake_vendor/lib:/opt/ros/jazzy/lib', 'HOME': '/home/karan', 'CHROME_DESKTOP': 'antigravity.desktop', 'OLDPWD': '/home/karan/drone-projects/sentinel', 'DESKTOP_SESSION': 'ubuntu', 'VSCODE_IPC_HOOK': '/run/user/1000/vscode-13f7617d-1.10-main.sock', 'GIO_LAUNCHED_DESKTOP_FILE': '/usr/share/applications/antigravity.desktop', 'ROS_PYTHON_VERSION': '3', 'GNOME_SHELL_SESSION_MODE': 'ubuntu', 'GTK_MODULES': 'gail:atk-bridge', 'PAGER': 'cat', 'MANAGERPID': '2820', 'SYSTEMD_EXEC_PID': '3110', 'GSM_SKIP_SSH_AGENT_WORKAROUND': 'true', 'DBUS_SESSION_BUS_ADDRESS': 'unix:path=/run/user/1000/bus', 'ANTIGRAVITY_AGENT': '1', 'GIO_LAUNCHED_DESKTOP_FILE_PID': '4019', 'DEBUGINFOD_URLS': 'https://debuginfod.ubuntu.com', 'IM_CONFIG_PHASE': '1', 'WAYLAND_DISPLAY': 'wayland-0', 'ROS_DISTRO': 'jazzy', 'LOGNAME': 'karan', 'JOURNAL_STREAM': '9:21797', '_': '/usr/bin/colcon', 'ROS_VERSION': '2', 'MEMORY_PRESSURE_WATCH': '/sys/fs/cgroup/user.slice/user-1000.slice/user@1000.service/session.slice/org.gnome.Shell@wayland.service/memory.pressure', 'XDG_SESSION_CLASS': 'user', 'USERNAME': 'karan', 'TERM': 'dumb', 'GNOME_DESKTOP_SESSION_ID': 'this-is-deprecated', 'FC_FONTATIONS': '1', 'ANTIGRAVITY_EDITOR_APP_ROOT': '/usr/share/antigravity/resources/app', 'PATH': '/opt/ros/jazzy/bin:/usr/lib/ccache:/home/karan/drone-projects/ardupilot/Tools/autotest:/opt/gcc-arm-none-eabi-10-2020-q4-major/bin:/home/karan/venv-ardupilot/bin:/home/karan/.local/bin:/usr/local/sbin:/usr/local/bin:/usr/sbin:/usr/bin:/sbin:/bin:/usr/games:/usr/local/games:/snap/bin:/snap/bin', 'SESSION_MANAGER': 'local/karan-MS-7E24:@/tmp/.ICE-unix/3059,unix/karan-MS-7E24:/tmp/.ICE-unix/3059', 'INVOCATION_ID': '699530bf43a1487e979521c8592e7568', 'XDG_MENU_PREFIX': 'gnome-', 'GNOME_SETUP_DISPLAY': ':1', 'XDG_RUNTIME_DIR': '/run/user/1000', 'GDK_BACKEND': 'wayland', 'DISPLAY': ':0', 'LANG': 'en_US.UTF-8', 'XDG_CURRENT_DESKTOP': 'ubuntu:GNOME', 'VIRTUAL_ENV_PROMPT': '(venv-ardupilot)', 'XMODIFIERS': '@im=ibus', 'XDG_SESSION_DESKTOP': 'ubuntu', 'XAUTHORITY': '/run/user/1000/.mutter-Xwaylandauth.L0WDR3', 'SBX_CHROME_API_RQ': '1', 'SSH_AUTH_SOCK': '/run/user/1000/keyring/ssh', 'AMENT_PREFIX_PATH': '/opt/ros/jazzy', 'SHELL': '/bin/bash', 'QT_ACCESSIBILITY': '1', 'GDMSESSION': 'ubuntu', 'GJS_DEBUG_OUTPUT': 'stderr', 'VIRTUAL_ENV': '/home/karan/venv-ardupilot', 'ROS_AUTOMATIC_DISCOVERY_RANGE': 'SUBNET', 'QT_IM_MODULE': 'ibus', 'ANTIGRAVITY_TRAJECTORY_ID': 'be0dda7b-d4a1-4918-add6-d9b2c45b8d10', 'PWD': '/home/karan/drone-projects/sentinel/src/ros2_ws/build/sentinel_bridge', 'LC_ALL': 'en_US.UTF-8', 'XDG_CONFIG_DIRS': '/etc/xdg/xdg-ubuntu:/etc/xdg', 'VSCODE_CODE_CACHE_PATH': '/home/karan/.config/Antigravity/CachedData/15487b3041e65228cae24980a3f796c905ef582c', 'XDG_DATA_DIRS': '/usr/share/ubuntu:/usr/share/gnome:/usr/local/share/:/usr/share/:/var/lib/snapd/desktop', 'PYTHONPATH': '/home/karan/drone-projects/sentinel/src/ros2_ws/build/sentinel_bridge/prefix_override:/usr/lib/python3/dist-packages/colcon_core/task/python/colcon_distutils_commands:/home/karan/drone-projects/sentinel/src/ros2_ws/install/sentinel_bridge/lib/python3.12/site-packages:/opt/ros/jazzy/lib/python3.12/site-packages', 'COLCON': '1', 'MEMORY_PRESSURE_WRITE': 'c29tZSAyMDAwMDAgMjAwMDAwMAA=', 'CMAKE_PREFIX_PATH': '/opt/ros/jazzy/opt/gz_math_vendor:/opt/ros/jazzy/opt/gz_utils_vendor:/opt/ros/jazzy/opt/gz_cmake_vendor', 'VSCODE_PID': '4019'}, 'shell': False}
[0.400335] (-) TimerEvent: {}
[0.474288] (sentinel_bridge) StdoutLine: {'line': b'running egg_info\n'}
[0.474486] (sentinel_bridge) StdoutLine: {'line': b'creating ../../build/sentinel_bridge/sentinel_bridge.egg-info\n'}
[0.480218] (sentinel_bridge) StdoutLine: {'line': b'writing ../../build/sentinel_bridge/sentinel_bridge.egg-info/PKG-INFO\n'}
[0.480311] (sentinel_bridge) StdoutLine: {'line': b'writing dependency_links to ../../build/sentinel_bridge/sentinel_bridge.egg-info/dependency_links.txt\n'}
[0.480362] (sentinel_bridge) StdoutLine: {'line': b'writing entry points to ../../build/sentinel_bridge/sentinel_bridge.egg-info/entry_points.txt\n'}
[0.480403] (sentinel_bridge) StdoutLine: {'line': b'writing requirements to ../../build/sentinel_bridge/sentinel_bridge.egg-info/requires.txt\n'}
[0.480435] (sentinel_bridge) StdoutLine: {'line': b'writing top-level names to ../../build/sentinel_bridge/sentinel_bridge.egg-info/top_level.txt\n'}
[0.480474] (sentinel_bridge) StdoutLine: {'line': b"writing manifest file '../../build/sentinel_bridge/sentinel_bridge.egg-info/SOURCES.txt'\n"}
[0.492860] (sentinel_bridge) StdoutLine: {'line': b"reading manifest file '../../build/sentinel_bridge/sentinel_bridge.egg-info/SOURCES.txt'\n"}
[0.493139] (sentinel_bridge) StdoutLine: {'line': b"writing manifest file '../../build/sentinel_bridge/sentinel_bridge.egg-info/SOURCES.txt'\n"}
[0.493229] (sentinel_bridge) StdoutLine: {'line': b'running build\n'}
[0.493277] (sentinel_bridge) StdoutLine: {'line': b'running build_py\n'}
[0.493339] (sentinel_bridge) StdoutLine: {'line': b'creating /home/karan/drone-projects/sentinel/src/ros2_ws/build/sentinel_bridge/build\n'}
[0.493412] (sentinel_bridge) StdoutLine: {'line': b'creating /home/karan/drone-projects/sentinel/src/ros2_ws/build/sentinel_bridge/build/lib\n'}
[0.493488] (sentinel_bridge) StdoutLine: {'line': b'creating /home/karan/drone-projects/sentinel/src/ros2_ws/build/sentinel_bridge/build/lib/sentinel_bridge\n'}
[0.493549] (sentinel_bridge) StdoutLine: {'line': b'copying sentinel_bridge/__init__.py -> /home/karan/drone-projects/sentinel/src/ros2_ws/build/sentinel_bridge/build/lib/sentinel_bridge\n'}
[0.493628] (sentinel_bridge) StdoutLine: {'line': b'copying sentinel_bridge/bridge_node.py -> /home/karan/drone-projects/sentinel/src/ros2_ws/build/sentinel_bridge/build/lib/sentinel_bridge\n'}
[0.493686] (sentinel_bridge) StdoutLine: {'line': b'running install\n'}
[0.496227] (sentinel_bridge) StdoutLine: {'line': b'running install_lib\n'}
[0.500392] (-) TimerEvent: {}
[0.502498] (sentinel_bridge) StdoutLine: {'line': b'creating /home/karan/drone-projects/sentinel/src/ros2_ws/install/sentinel_bridge/lib/python3.12/site-packages/sentinel_bridge\n'}
[0.502570] (sentinel_bridge) StdoutLine: {'line': b'copying /home/karan/drone-projects/sentinel/src/ros2_ws/build/sentinel_bridge/build/lib/sentinel_bridge/__init__.py -> /home/karan/drone-projects/sentinel/src/ros2_ws/install/sentinel_bridge/lib/python3.12/site-packages/sentinel_bridge\n'}
[0.502611] (sentinel_bridge) StdoutLine: {'line': b'copying /home/karan/drone-projects/sentinel/src/ros2_ws/build/sentinel_bridge/build/lib/sentinel_bridge/bridge_node.py -> /home/karan/drone-projects/sentinel/src/ros2_ws/install/sentinel_bridge/lib/python3.12/site-packages/sentinel_bridge\n'}
[0.502798] (sentinel_bridge) StdoutLine: {'line': b'byte-compiling /home/karan/drone-projects/sentinel/src/ros2_ws/install/sentinel_bridge/lib/python3.12/site-packages/sentinel_bridge/__init__.py to __init__.cpython-312.pyc\n'}
[0.502915] (sentinel_bridge) StdoutLine: {'line': b'byte-compiling /home/karan/drone-projects/sentinel/src/ros2_ws/install/sentinel_bridge/lib/python3.12/site-packages/sentinel_bridge/bridge_node.py to bridge_node.cpython-312.pyc\n'}
[0.503344] (sentinel_bridge) StdoutLine: {'line': b'running install_data\n'}
[0.503386] (sentinel_bridge) StdoutLine: {'line': b'creating /home/karan/drone-projects/sentinel/src/ros2_ws/install/sentinel_bridge/share/ament_index\n'}
[0.503422] (sentinel_bridge) StdoutLine: {'line': b'creating /home/karan/drone-projects/sentinel/src/ros2_ws/install/sentinel_bridge/share/ament_index/resource_index\n'}
[0.503443] (sentinel_bridge) StdoutLine: {'line': b'creating /home/karan/drone-projects/sentinel/src/ros2_ws/install/sentinel_bridge/share/ament_index/resource_index/packages\n'}
[0.503473] (sentinel_bridge) StdoutLine: {'line': b'copying resource/sentinel_bridge -> /home/karan/drone-projects/sentinel/src/ros2_ws/install/sentinel_bridge/share/ament_index/resource_index/packages\n'}
[0.503500] (sentinel_bridge) StdoutLine: {'line': b'copying package.xml -> /home/karan/drone-projects/sentinel/src/ros2_ws/install/sentinel_bridge/share/sentinel_bridge\n'}
[0.503531] (sentinel_bridge) StdoutLine: {'line': b'creating /home/karan/drone-projects/sentinel/src/ros2_ws/install/sentinel_bridge/share/sentinel_bridge/launch\n'}
[0.503552] (sentinel_bridge) StdoutLine: {'line': b'copying launch/mavros_bridge.launch.py -> /home/karan/drone-projects/sentinel/src/ros2_ws/install/sentinel_bridge/share/sentinel_bridge/launch\n'}
[0.503580] (sentinel_bridge) StdoutLine: {'line': b'running install_egg_info\n'}
[0.510201] (sentinel_bridge) StdoutLine: {'line': b'Copying ../../build/sentinel_bridge/sentinel_bridge.egg-info to /home/karan/drone-projects/sentinel/src/ros2_ws/install/sentinel_bridge/lib/python3.12/site-packages/sentinel_bridge-0.0.1-py3.12.egg-info\n'}
[0.510468] (sentinel_bridge) StdoutLine: {'line': b'running install_scripts\n'}
[0.556388] (sentinel_bridge) StdoutLine: {'line': b'Installing bridge_node script to /home/karan/drone-projects/sentinel/src/ros2_ws/install/sentinel_bridge/bin\n'}
[0.556550] (sentinel_bridge) StdoutLine: {'line': b"writing list of installed files to '/home/karan/drone-projects/sentinel/src/ros2_ws/build/sentinel_bridge/install.log'\n"}
[0.569996] (sentinel_bridge) CommandEnded: {'returncode': 0}
[0.579625] (sentinel_bridge) JobEnded: {'identifier': 'sentinel_bridge', 'rc': 0}
[0.579955] (-) EventReactorShutdown: {}
