[0.061s] DEBUG:colcon:Command line arguments: ['/usr/bin/colcon', 'build']
[0.062s] DEBUG:colcon:Parsed command line arguments: Namespace(log_base=None, log_level=None, verb_name='build', build_base='build', install_base='install', merge_install=False, symlink_install=False, test_result_base=None, continue_on_error=False, executor='parallel', parallel_workers=12, event_handlers=None, ignore_user_meta=False, metas=['./colcon.meta'], base_paths=['.'], packages_ignore=None, packages_ignore_regex=None, paths=None, packages_up_to=None, packages_up_to_regex=None, packages_above=None, packages_above_and_dependencies=None, packages_above_depth=None, packages_select_by_dep=None, packages_skip_by_dep=None, packages_skip_up_to=None, packages_select_build_failed=False, packages_skip_build_finished=False, packages_select_test_failures=False, packages_skip_test_passed=False, packages_select=None, packages_skip=None, packages_select_regex=None, packages_skip_regex=None, packages_start=None, packages_end=None, allow_overriding=[], cmake_args=None, cmake_target=None, cmake_target_skip_unavailable=False, cmake_clean_cache=False, cmake_clean_first=False, cmake_force_configure=False, ament_cmake_args=None, catkin_cmake_args=None, catkin_skip_building_tests=False, mixin_files=None, mixin=None, verb_parser=<colcon_mixin.mixin.mixin_argument.MixinArgumentDecorator object at 0x7479e0b5f320>, verb_extension=<colcon_core.verb.build.BuildVerb object at 0x7479e0cb1700>, main=<bound method BuildVerb.main of <colcon_core.verb.build.BuildVerb object at 0x7479e0cb1700>>, mixin_verb=('build',))
[0.086s] Level 1:colcon.colcon_core.package_discovery:discover_packages(colcon_meta) check parameters
[0.086s] Level 1:colcon.colcon_core.package_discovery:discover_packages(recursive) check parameters
[0.086s] Level 1:colcon.colcon_core.package_discovery:discover_packages(ignore) check parameters
[0.086s] Level 1:colcon.colcon_core.package_discovery:discover_packages(path) check parameters
[0.086s] Level 1:colcon.colcon_core.package_discovery:discover_packages(colcon_meta) discover
[0.086s] Level 1:colcon.colcon_core.package_discovery:discover_packages(recursive) discover
[0.086s] INFO:colcon.colcon_core.package_discovery:Crawling recursively for packages in '/home/karan/drone-projects/sentinel/src/ros2_ws'
[0.086s] Level 1:colcon.colcon_core.package_identification:_identify(.) by extensions ['ignore', 'ignore_ament_install']
[0.086s] Level 1:colcon.colcon_core.package_identification:_identify(.) by extension 'ignore'
[0.086s] Level 1:colcon.colcon_core.package_identification:_identify(.) by extension 'ignore_ament_install'
[0.086s] Level 1:colcon.colcon_core.package_identification:_identify(.) by extensions ['colcon_pkg']
[0.086s] Level 1:colcon.colcon_core.package_identification:_identify(.) by extension 'colcon_pkg'
[0.086s] Level 1:colcon.colcon_core.package_identification:_identify(.) by extensions ['colcon_meta']
[0.086s] Level 1:colcon.colcon_core.package_identification:_identify(.) by extension 'colcon_meta'
[0.086s] Level 1:colcon.colcon_core.package_identification:_identify(.) by extensions ['ros']
[0.086s] Level 1:colcon.colcon_core.package_identification:_identify(.) by extension 'ros'
[0.097s] Level 1:colcon.colcon_core.package_identification:_identify(.) by extensions ['cmake', 'python']
[0.097s] Level 1:colcon.colcon_core.package_identification:_identify(.) by extension 'cmake'
[0.097s] Level 1:colcon.colcon_core.package_identification:_identify(.) by extension 'python'
[0.097s] Level 1:colcon.colcon_core.package_identification:_identify(.) by extensions ['python_setup_py']
[0.097s] Level 1:colcon.colcon_core.package_identification:_identify(.) by extension 'python_setup_py'
[0.097s] Level 1:colcon.colcon_core.package_identification:_identify(build) by extensions ['ignore', 'ignore_ament_install']
[0.098s] Level 1:colcon.colcon_core.package_identification:_identify(build) by extension 'ignore'
[0.098s] Level 1:colcon.colcon_core.package_identification:_identify(build) ignored
[0.098s] Level 1:colcon.colcon_core.package_identification:_identify(install) by extensions ['ignore', 'ignore_ament_install']
[0.098s] Level 1:colcon.colcon_core.package_identification:_identify(install) by extension 'ignore'
[0.098s] Level 1:colcon.colcon_core.package_identification:_identify(install) ignored
[0.098s] Level 1:colcon.colcon_core.package_identification:_identify(log) by extensions ['ignore', 'ignore_ament_install']
[0.098s] Level 1:colcon.colcon_core.package_identification:_identify(log) by extension 'ignore'
[0.098s] Level 1:colcon.colcon_core.package_identification:_identify(log) ignored
[0.098s] Level 1:colcon.colcon_core.package_identification:_identify(src) by extensions ['ignore', 'ignore_ament_install']
[0.098s] Level 1:colcon.colcon_core.package_identification:_identify(src) by extension 'ignore'
[0.098s] Level 1:colcon.colcon_core.package_identification:_identify(src) by extension 'ignore_ament_install'
[0.098s] Level 1:colcon.colcon_core.package_identification:_identify(src) by extensions ['colcon_pkg']
[0.098s] Level 1:colcon.colcon_core.package_identification:_identify(src) by extension 'colcon_pkg'
[0.098s] Level 1:colcon.colcon_core.package_identification:_identify(src) by extensions ['colcon_meta']
[0.098s] Level 1:colcon.colcon_core.package_identification:_identify(src) by extension 'colcon_meta'
[0.098s] Level 1:colcon.colcon_core.package_identification:_identify(src) by extensions ['ros']
[0.098s] Level 1:colcon.colcon_core.package_identification:_identify(src) by extension 'ros'
[0.098s] Level 1:colcon.colcon_core.package_identification:_identify(src) by extensions ['cmake', 'python']
[0.098s] Level 1:colcon.colcon_core.package_identification:_identify(src) by extension 'cmake'
[0.098s] Level 1:colcon.colcon_core.package_identification:_identify(src) by extension 'python'
[0.098s] Level 1:colcon.colcon_core.package_identification:_identify(src) by extensions ['python_setup_py']
[0.098s] Level 1:colcon.colcon_core.package_identification:_identify(src) by extension 'python_setup_py'
[0.098s] Level 1:colcon.colcon_core.package_identification:_identify(src/sentinel_bridge) by extensions ['ignore', 'ignore_ament_install']
[0.098s] Level 1:colcon.colcon_core.package_identification:_identify(src/sentinel_bridge) by extension 'ignore'
[0.098s] Level 1:colcon.colcon_core.package_identification:_identify(src/sentinel_bridge) by extension 'ignore_ament_install'
[0.098s] Level 1:colcon.colcon_core.package_identification:_identify(src/sentinel_bridge) by extensions ['colcon_pkg']
[0.098s] Level 1:colcon.colcon_core.package_identification:_identify(src/sentinel_bridge) by extension 'colcon_pkg'
[0.098s] Level 1:colcon.colcon_core.package_identification:_identify(src/sentinel_bridge) by extensions ['colcon_meta']
[0.098s] Level 1:colcon.colcon_core.package_identification:_identify(src/sentinel_bridge) by extension 'colcon_meta'
[0.098s] Level 1:colcon.colcon_core.package_identification:_identify(src/sentinel_bridge) by extensions ['ros']
[0.098s] Level 1:colcon.colcon_core.package_identification:_identify(src/sentinel_bridge) by extension 'ros'
[0.099s] DEBUG:colcon.colcon_core.package_identification:Package 'src/sentinel_bridge' with type 'ros.ament_python' and name 'sentinel_bridge'
[0.099s] Level 1:colcon.colcon_core.package_discovery:discover_packages(recursive) using defaults
[0.099s] Level 1:colcon.colcon_core.package_discovery:discover_packages(ignore) discover
[0.100s] Level 1:colcon.colcon_core.package_discovery:discover_packages(ignore) using defaults
[0.100s] Level 1:colcon.colcon_core.package_discovery:discover_packages(path) discover
[0.100s] Level 1:colcon.colcon_core.package_discovery:discover_packages(path) using defaults
[0.108s] Level 1:colcon.colcon_core.package_discovery:discover_packages(prefix_path) check parameters
[0.108s] Level 1:colcon.colcon_core.package_discovery:discover_packages(prefix_path) discover
[0.110s] DEBUG:colcon.colcon_installed_package_information.package_discovery:Found 287 installed packages in /opt/ros/jazzy
[0.110s] Level 1:colcon.colcon_core.package_discovery:discover_packages(prefix_path) using defaults
[0.124s] Level 5:colcon.colcon_core.verb:set package 'sentinel_bridge' build argument 'cmake_args' from command line to 'None'
[0.124s] Level 5:colcon.colcon_core.verb:set package 'sentinel_bridge' build argument 'cmake_target' from command line to 'None'
[0.124s] Level 5:colcon.colcon_core.verb:set package 'sentinel_bridge' build argument 'cmake_target_skip_unavailable' from command line to 'False'
[0.124s] Level 5:colcon.colcon_core.verb:set package 'sentinel_bridge' build argument 'cmake_clean_cache' from command line to 'False'
[0.124s] Level 5:colcon.colcon_core.verb:set package 'sentinel_bridge' build argument 'cmake_clean_first' from command line to 'False'
[0.124s] Level 5:colcon.colcon_core.verb:set package 'sentinel_bridge' build argument 'cmake_force_configure' from command line to 'False'
[0.124s] Level 5:colcon.colcon_core.verb:set package 'sentinel_bridge' build argument 'ament_cmake_args' from command line to 'None'
[0.124s] Level 5:colcon.colcon_core.verb:set package 'sentinel_bridge' build argument 'catkin_cmake_args' from command line to 'None'
[0.124s] Level 5:colcon.colcon_core.verb:set package 'sentinel_bridge' build argument 'catkin_skip_building_tests' from command line to 'False'
[0.125s] DEBUG:colcon.colcon_core.verb:Building package 'sentinel_bridge' with the following arguments: {'ament_cmake_args': None, 'build_base': '/home/karan/drone-projects/sentinel/src/ros2_ws/build/sentinel_bridge', 'catkin_cmake_args': None, 'catkin_skip_building_tests': False, 'cmake_args': None, 'cmake_clean_cache': False, 'cmake_clean_first': False, 'cmake_force_configure': False, 'cmake_target': None, 'cmake_target_skip_unavailable': False, 'install_base': '/home/karan/drone-projects/sentinel/src/ros2_ws/install/sentinel_bridge', 'merge_install': False, 'path': '/home/karan/drone-projects/sentinel/src/ros2_ws/src/sentinel_bridge', 'symlink_install': False, 'test_result_base': None}
[0.125s] INFO:colcon.colcon_core.executor:Executing jobs using 'parallel' executor
[0.125s] DEBUG:colcon.colcon_parallel_executor.executor.parallel:run_until_complete
[0.125s] INFO:colcon.colcon_ros.task.ament_python.build:Building ROS package in '/home/karan/drone-projects/sentinel/src/ros2_ws/src/sentinel_bridge' with build type 'ament_python'
[0.125s] Level 1:colcon.colcon_core.shell:create_environment_hook('sentinel_bridge', 'ament_prefix_path')
[0.126s] INFO:colcon.colcon_core.plugin_system:Skipping extension 'colcon_core.shell.bat': Not used on non-Windows systems
[0.127s] INFO:colcon.colcon_core.shell:Creating environment hook '/home/karan/drone-projects/sentinel/src/ros2_ws/install/sentinel_bridge/share/sentinel_bridge/hook/ament_prefix_path.ps1'
[0.127s] INFO:colcon.colcon_core.shell:Creating environment descriptor '/home/karan/drone-projects/sentinel/src/ros2_ws/install/sentinel_bridge/share/sentinel_bridge/hook/ament_prefix_path.dsv'
[0.127s] INFO:colcon.colcon_core.shell:Creating environment hook '/home/karan/drone-projects/sentinel/src/ros2_ws/install/sentinel_bridge/share/sentinel_bridge/hook/ament_prefix_path.sh'
[0.128s] INFO:colcon.colcon_core.shell:Skip shell extension 'powershell' for command environment: Not usable outside of PowerShell
[0.128s] DEBUG:colcon.colcon_core.shell:Skip shell extension 'dsv' for command environment
[0.209s] INFO:colcon.colcon_core.task.python.build:Building Python package in '/home/karan/drone-projects/sentinel/src/ros2_ws/src/sentinel_bridge'
[0.209s] INFO:colcon.colcon_core.shell:Skip shell extension 'powershell' for command environment: Not usable outside of PowerShell
[0.209s] DEBUG:colcon.colcon_core.shell:Skip shell extension 'dsv' for command environment
[0.503s] DEBUG:colcon.colcon_core.event_handler.log_command:Invoking command in '/home/karan/drone-projects/sentinel/src/ros2_ws/src/sentinel_bridge': DEBUGINFOD_URLS=https://debuginfod.ubuntu.com PYTHONPATH=/home/karan/drone-projects/sentinel/src/ros2_ws/build/sentinel_bridge/prefix_override:/usr/lib/python3/dist-packages/colcon_core/task/python/colcon_distutils_commands:/home/karan/drone-projects/sentinel/src/ros2_ws/install/sentinel_bridge/lib/python3.12/site-packages:${PYTHONPATH} VIRTUAL_ENV_PROMPT=(venv-ardupilot) /usr/bin/python3 -W ignore:setup.py install is deprecated -W ignore:easy_install command is deprecated setup.py egg_info --egg-base ../../build/sentinel_bridge build --build-base /home/karan/drone-projects/sentinel/src/ros2_ws/build/sentinel_bridge/build install --record /home/karan/drone-projects/sentinel/src/ros2_ws/build/sentinel_bridge/install.log --single-version-externally-managed install_data
[0.695s] DEBUG:colcon.colcon_core.event_handler.log_command:Invoked command in '/home/karan/drone-projects/sentinel/src/ros2_ws/src/sentinel_bridge' returned '0': DEBUGINFOD_URLS=https://debuginfod.ubuntu.com PYTHONPATH=/home/karan/drone-projects/sentinel/src/ros2_ws/build/sentinel_bridge/prefix_override:/usr/lib/python3/dist-packages/colcon_core/task/python/colcon_distutils_commands:/home/karan/drone-projects/sentinel/src/ros2_ws/install/sentinel_bridge/lib/python3.12/site-packages:${PYTHONPATH} VIRTUAL_ENV_PROMPT=(venv-ardupilot) /usr/bin/python3 -W ignore:setup.py install is deprecated -W ignore:easy_install command is deprecated setup.py egg_info --egg-base ../../build/sentinel_bridge build --build-base /home/karan/drone-projects/sentinel/src/ros2_ws/build/sentinel_bridge/build install --record /home/karan/drone-projects/sentinel/src/ros2_ws/build/sentinel_bridge/install.log --single-version-externally-managed install_data
[0.700s] Level 1:colcon.colcon_core.environment:checking '/home/karan/drone-projects/sentinel/src/ros2_ws/install/sentinel_bridge' for CMake module files
[0.700s] Level 1:colcon.colcon_core.environment:checking '/home/karan/drone-projects/sentinel/src/ros2_ws/install/sentinel_bridge' for CMake config files
[0.701s] Level 1:colcon.colcon_core.environment:checking '/home/karan/drone-projects/sentinel/src/ros2_ws/install/sentinel_bridge/lib'
[0.701s] Level 1:colcon.colcon_core.environment:checking '/home/karan/drone-projects/sentinel/src/ros2_ws/install/sentinel_bridge/bin'
[0.701s] Level 1:colcon.colcon_core.shell:create_environment_hook('sentinel_bridge', 'path')
[0.701s] INFO:colcon.colcon_core.shell:Creating environment hook '/home/karan/drone-projects/sentinel/src/ros2_ws/install/sentinel_bridge/share/sentinel_bridge/hook/path.ps1'
[0.701s] INFO:colcon.colcon_core.shell:Creating environment descriptor '/home/karan/drone-projects/sentinel/src/ros2_ws/install/sentinel_bridge/share/sentinel_bridge/hook/path.dsv'
[0.701s] INFO:colcon.colcon_core.shell:Creating environment hook '/home/karan/drone-projects/sentinel/src/ros2_ws/install/sentinel_bridge/share/sentinel_bridge/hook/path.sh'
[0.701s] Level 1:colcon.colcon_core.environment:checking '/home/karan/drone-projects/sentinel/src/ros2_ws/install/sentinel_bridge/lib/pkgconfig/sentinel_bridge.pc'
[0.701s] Level 1:colcon.colcon_core.environment:checking '/home/karan/drone-projects/sentinel/src/ros2_ws/install/sentinel_bridge/lib/python3.12/site-packages'
[0.701s] Level 1:colcon.colcon_core.shell:create_environment_hook('sentinel_bridge', 'pythonpath')
[0.701s] INFO:colcon.colcon_core.shell:Creating environment hook '/home/karan/drone-projects/sentinel/src/ros2_ws/install/sentinel_bridge/share/sentinel_bridge/hook/pythonpath.ps1'
[0.701s] INFO:colcon.colcon_core.shell:Creating environment descriptor '/home/karan/drone-projects/sentinel/src/ros2_ws/install/sentinel_bridge/share/sentinel_bridge/hook/pythonpath.dsv'
[0.702s] INFO:colcon.colcon_core.shell:Creating environment hook '/home/karan/drone-projects/sentinel/src/ros2_ws/install/sentinel_bridge/share/sentinel_bridge/hook/pythonpath.sh'
[0.702s] Level 1:colcon.colcon_core.environment:checking '/home/karan/drone-projects/sentinel/src/ros2_ws/install/sentinel_bridge/bin'
[0.702s] Level 1:colcon.colcon_core.shell:create_environment_hook('sentinel_bridge', 'pythonscriptspath')
[0.702s] INFO:colcon.colcon_core.shell:Creating environment hook '/home/karan/drone-projects/sentinel/src/ros2_ws/install/sentinel_bridge/share/sentinel_bridge/hook/pythonscriptspath.ps1'
[0.702s] INFO:colcon.colcon_core.shell:Creating environment descriptor '/home/karan/drone-projects/sentinel/src/ros2_ws/install/sentinel_bridge/share/sentinel_bridge/hook/pythonscriptspath.dsv'
[0.702s] INFO:colcon.colcon_core.shell:Creating environment hook '/home/karan/drone-projects/sentinel/src/ros2_ws/install/sentinel_bridge/share/sentinel_bridge/hook/pythonscriptspath.sh'
[0.702s] Level 1:colcon.colcon_core.environment:create_environment_scripts_only(sentinel_bridge)
[0.702s] INFO:colcon.colcon_core.shell:Creating package script '/home/karan/drone-projects/sentinel/src/ros2_ws/install/sentinel_bridge/share/sentinel_bridge/package.ps1'
[0.703s] INFO:colcon.colcon_core.shell:Creating package descriptor '/home/karan/drone-projects/sentinel/src/ros2_ws/install/sentinel_bridge/share/sentinel_bridge/package.dsv'
[0.703s] INFO:colcon.colcon_core.shell:Creating package script '/home/karan/drone-projects/sentinel/src/ros2_ws/install/sentinel_bridge/share/sentinel_bridge/package.sh'
[0.704s] INFO:colcon.colcon_core.shell:Creating package script '/home/karan/drone-projects/sentinel/src/ros2_ws/install/sentinel_bridge/share/sentinel_bridge/package.bash'
[0.704s] INFO:colcon.colcon_core.shell:Creating package script '/home/karan/drone-projects/sentinel/src/ros2_ws/install/sentinel_bridge/share/sentinel_bridge/package.zsh'
[0.704s] Level 1:colcon.colcon_core.environment:create_file_with_runtime_dependencies(/home/karan/drone-projects/sentinel/src/ros2_ws/install/sentinel_bridge/share/colcon-core/packages/sentinel_bridge)
[0.704s] DEBUG:colcon.colcon_parallel_executor.executor.parallel:closing loop
[0.705s] DEBUG:colcon.colcon_parallel_executor.executor.parallel:loop closed
[0.705s] DEBUG:colcon.colcon_parallel_executor.executor.parallel:run_until_complete finished with '0'
[0.705s] DEBUG:colcon.colcon_core.event_reactor:joining thread
[0.708s] INFO:colcon.colcon_core.plugin_system:Skipping extension 'colcon_notification.desktop_notification.terminal_notifier': Not used on non-Darwin systems
[0.708s] INFO:colcon.colcon_core.plugin_system:Skipping extension 'colcon_notification.desktop_notification.win32': Not used on non-Windows systems
[0.708s] INFO:colcon.colcon_notification.desktop_notification:Sending desktop notification using 'notify2'
[0.715s] DEBUG:colcon.colcon_core.event_reactor:joined thread
[0.715s] INFO:colcon.colcon_core.shell:Creating prefix script '/home/karan/drone-projects/sentinel/src/ros2_ws/install/local_setup.ps1'
[0.716s] INFO:colcon.colcon_core.shell:Creating prefix util module '/home/karan/drone-projects/sentinel/src/ros2_ws/install/_local_setup_util_ps1.py'
[0.716s] INFO:colcon.colcon_core.shell:Creating prefix chain script '/home/karan/drone-projects/sentinel/src/ros2_ws/install/setup.ps1'
[0.717s] INFO:colcon.colcon_core.shell:Creating prefix script '/home/karan/drone-projects/sentinel/src/ros2_ws/install/local_setup.sh'
[0.717s] INFO:colcon.colcon_core.shell:Creating prefix util module '/home/karan/drone-projects/sentinel/src/ros2_ws/install/_local_setup_util_sh.py'
[0.717s] INFO:colcon.colcon_core.shell:Creating prefix chain script '/home/karan/drone-projects/sentinel/src/ros2_ws/install/setup.sh'
[0.718s] INFO:colcon.colcon_core.shell:Creating prefix script '/home/karan/drone-projects/sentinel/src/ros2_ws/install/local_setup.bash'
[0.718s] INFO:colcon.colcon_core.shell:Creating prefix chain script '/home/karan/drone-projects/sentinel/src/ros2_ws/install/setup.bash'
[0.718s] INFO:colcon.colcon_core.shell:Creating prefix script '/home/karan/drone-projects/sentinel/src/ros2_ws/install/local_setup.zsh'
[0.718s] INFO:colcon.colcon_core.shell:Creating prefix chain script '/home/karan/drone-projects/sentinel/src/ros2_ws/install/setup.zsh'
